vite v8.0.10 building client environment for production...
[2Ktransforming...✗ Build failed in 1.22s
